// Jest Snapshot v1, https://goo.gl/fbAQLP

exports[`Form should match snapshot with all information passing in correctly 1`] = `
<form>
  <input
    name="name"
    onChange={[Function]}
    placeholder="Name"
    type="text"
    value=""
  />
  <input
    name="date"
    onChange={[Function]}
    placeholder="Date (mm/yy)"
    type="text"
    value=""
  />
  <input
    name="time"
    onChange={[Function]}
    placeholder="Time"
    type="text"
    value=""
  />
  <input
    name="number"
    onChange={[Function]}
    placeholder="Number of Guests"
    type="number"
    value={0}
  />
  <button
    onClick={[Function]}
  >
    Make Reservation
  </button>
</form>
`;
