// Jest Snapshot v1, https://goo.gl/fbAQLP

exports[`App should match snapshot with all information passing in correctly 1`] = `
<div
  className="App"
>
  <h1
    className="app-title"
  >
    Turing Cafe Reservations
  </h1>
  <div
    className="resy-form"
  >
    <Form
      addReservations={[Function]}
    />
  </div>
  <div
    className="resy-container"
  >
    <ReservationsContainer
      removeReservations={[Function]}
      totalReservations={Array []}
    />
  </div>
</div>
`;
